[    1117ms] [WARNING] <meta name="apple-mobile-web-app-capable" content="yes"> is deprecated. Please include <meta name="mobile-web-app-capable" content="yes"> @ http://localhost:3719/:0
[    1123ms] [INFO] sending initial connect on t9TYxrkukXWp_aU-AAAB @ http://localhost:3719/bundle.js:72134
[    1130ms] [INFO] initial connect received on t9TYxrkukXWp_aU-AAAB @ http://localhost:3719/bundle.js:72129
[    1192ms] [INFO] %cDownload the React DevTools for a better development experience: https://reactjs.org/link/react-devtools font-weight:bold @ http://localhost:3719/bundle.js:239268
[    1573ms] [INFO] 2026-07-09T00:46:27.487Z root INFO Detected keyboard layout from browser API: US (PC) @ http://localhost:3719/bundle.js:192886
[    1632ms] [INFO] 2026-07-09T00:46:27.546Z SkillService INFO Loaded 1 skills @ http://localhost:3719/bundle.js:192886
[    1643ms] [INFO] 2026-07-09T00:46:27.557Z root INFO Start frontend contributions: 193.7 ms [1.630 s since frontend page start] @ http://localhost:3719/bundle.js:192886
[    1643ms] [INFO] 2026-07-09T00:46:27.558Z root INFO Changed application state from 'init' to 'started_contributions'. @ http://localhost:3719/bundle.js:192886
[    1649ms] [INFO] 2026-07-09T00:46:27.563Z root INFO [8bb932e9-4980-4008-9153-57c6d712cd0d] Waiting for backend deployment: 10.5 ms [1.639 s since frontend page start] @ http://localhost:3719/bundle.js:192886
[    1657ms] [INFO] 2026-07-09T00:46:27.571Z root INFO Changed application state from 'started_contributions' to 'attached_shell'. @ http://localhost:3719/bundle.js:192886
[    1657ms] [INFO] 2026-07-09T00:46:27.571Z root INFO >>> Restoring the layout state... @ http://localhost:3719/bundle.js:192886
[    1658ms] [INFO] 2026-07-09T00:46:27.572Z root INFO <<< Nothing to restore. @ http://localhost:3719/bundle.js:192886
[    1821ms] [INFO] 2026-07-09T00:46:27.735Z root INFO [8bb932e9-4980-4008-9153-57c6d712cd0d] Sync of 97 plugins: 171.4 ms [1.811 s since frontend page start] @ http://localhost:3719/bundle.js:192886
[    1926ms] [WARNING] 2026-07-09T00:46:27.840Z root WARN Linked preference "workbench.colorCustomizations" not found. @ http://localhost:3719/bundle.js:192886
[    1926ms] [WARNING] 2026-07-09T00:46:27.841Z root WARN Linked preference "editor.experimental.preferTreeSitter" not found. @ http://localhost:3719/bundle.js:192886
[    2028ms] [INFO] 2026-07-09T00:46:27.942Z root INFO [8bb932e9-4980-4008-9153-57c6d712cd0d] Loading plugin contributions @ http://localhost:3719/bundle.js:192886
[    2028ms] [WARNING] 2026-07-09T00:46:27.943Z root WARN Trying to register default override for non-existent preference: workbench.editor.restoreViewState @ http://localhost:3719/bundle.js:192886
[    2028ms] [WARNING] 2026-07-09T00:46:27.943Z root WARN Trying to register default override for non-existent preference: workbench.editor.restoreViewState @ http://localhost:3719/bundle.js:192886
[    2029ms] [INFO] 2026-07-09T00:46:27.943Z root INFO [8bb932e9-4980-4008-9153-57c6d712cd0d] Load contributions of 97 plugins: 68.4 ms [2.013 s since frontend page start] @ http://localhost:3719/bundle.js:192886
[    2029ms] [WARNING] 2026-07-09T00:46:27.943Z root WARN a registered grammar provider for 'source.java' scope is overridden @ http://localhost:3719/bundle.js:192886
[    2100ms] [WARNING] 2026-07-09T00:46:28.014Z root WARN 'cpp' language is remapped from 'source.cpp.embedded.macro' to 'source.cpp' scope @ http://localhost:3719/bundle.js:192886
[    2100ms] [WARNING] 2026-07-09T00:46:28.014Z root WARN a registered grammar configuration for 'cpp' language is overridden @ http://localhost:3719/bundle.js:192886
[    2100ms] [WARNING] 2026-07-09T00:46:28.015Z plugin-ext:PluginContributionHandler WARN [8bb932e9-4980-4008-9153-57c6d712cd0d][vscode.html]: Language for 'source.smarty' not found. @ http://localhost:3719/bundle.js:192886
[    2100ms] [WARNING] 2026-07-09T00:46:28.015Z root WARN 'java' language is remapped from 'source.java' to 'source.java' scope @ http://localhost:3719/bundle.js:192886
[    2100ms] [WARNING] 2026-07-09T00:46:28.015Z root WARN a registered grammar configuration for 'java' language is overridden @ http://localhost:3719/bundle.js:192886
[    2101ms] [WARNING] 2026-07-09T00:46:28.015Z plugin-ext:PluginContributionHandler WARN [8bb932e9-4980-4008-9153-57c6d712cd0d][vscode.markdown]: Language for 'meta.embedded.block.vs_net' not found. @ http://localhost:3719/bundle.js:192886
[    2101ms] [WARNING] 2026-07-09T00:46:28.015Z plugin-ext:PluginContributionHandler WARN [8bb932e9-4980-4008-9153-57c6d712cd0d][vscode.markdown]: Language for 'meta.embedded.block.dosbatch' not found. @ http://localhost:3719/bundle.js:192886
[    2101ms] [WARNING] 2026-07-09T00:46:28.015Z plugin-ext:PluginContributionHandler WARN [8bb932e9-4980-4008-9153-57c6d712cd0d][vscode.markdown]: Language for 'meta.embedded.block.coffee' not found. @ http://localhost:3719/bundle.js:192886
[    2101ms] [WARNING] 2026-07-09T00:46:28.015Z plugin-ext:PluginContributionHandler WARN [8bb932e9-4980-4008-9153-57c6d712cd0d][vscode.markdown]: Language for 'meta.embedded.block.objc' not found. @ http://localhost:3719/bundle.js:192886
[    2101ms] [WARNING] 2026-07-09T00:46:28.015Z plugin-ext:PluginContributionHandler WARN [8bb932e9-4980-4008-9153-57c6d712cd0d][vscode.markdown]: Language for 'meta.embedded.block.perl6' not found. @ http://localhost:3719/bundle.js:192886
[    2101ms] [WARNING] 2026-07-09T00:46:28.015Z plugin-ext:PluginContributionHandler WARN [8bb932e9-4980-4008-9153-57c6d712cd0d][vscode.markdown]: Language for 'meta.embedded.block.scala' not found. @ http://localhost:3719/bundle.js:192886
[    2101ms] [WARNING] 2026-07-09T00:46:28.016Z root WARN 'php' language is remapped from 'source.php' to 'text.html.php' scope @ http://localhost:3719/bundle.js:192886
[    2101ms] [WARNING] 2026-07-09T00:46:28.016Z root WARN a registered grammar configuration for 'php' language is overridden @ http://localhost:3719/bundle.js:192886
[    2464ms] [WARNING] 2026-07-09T00:46:28.379Z root WARN Linked preference "debug.node.autoAttach" not found. @ http://localhost:3719/bundle.js:192886
[    2540ms] [WARNING] 2026-07-09T00:46:28.455Z root WARN Frontend TerminalFrontendContribution.initializeLayout took longer than the expected maximum 100 milliseconds: 861.0 ms [2.530 s since frontend page start] @ http://localhost:3719/bundle.js:192886
[    2564ms] [INFO] 2026-07-09T00:46:28.479Z root INFO Initialize the workbench layout: 906.3 ms [2.554 s since frontend page start] @ http://localhost:3719/bundle.js:192886
[    2565ms] [INFO] 2026-07-09T00:46:28.480Z root INFO Changed application state from 'attached_shell' to 'initialized_layout'. @ http://localhost:3719/bundle.js:192886
[    2767ms] [INFO] 2026-07-09T00:46:28.681Z plugin-host INFO PLUGIN_HOST(18888): PluginManagerExtImpl/init() @ http://localhost:3719/bundle.js:192886
[    2800ms] [WARNING] 2026-07-09T00:46:28.715Z plugin-manager WARN Unsupported activation events: onProfile, onProfile:github, please open an issue: https://github.com/eclipse-theia/theia/issues/new @ http://localhost:3719/bundle.js:192886
[    2800ms] [WARNING] 2026-07-09T00:46:28.715Z plugin-manager WARN Unsupported activation events: onOpenExternalUri:http, onOpenExternalUri:https, please open an issue: https://github.com/eclipse-theia/theia/issues/new @ http://localhost:3719/bundle.js:192886
[    2800ms] [WARNING] 2026-07-09T00:46:28.715Z plugin-manager WARN Unsupported activation events: onWalkthrough:nodejsWelcome, please open an issue: https://github.com/eclipse-theia/theia/issues/new @ http://localhost:3719/bundle.js:192886
[    2800ms] [WARNING] 2026-07-09T00:46:28.715Z plugin-manager WARN Unsupported activation events: onLanguageModelTool:debug_java_application, please open an issue: https://github.com/eclipse-theia/theia/issues/new @ http://localhost:3719/bundle.js:192886
[    2800ms] [WARNING] 2026-07-09T00:46:28.715Z plugin-manager WARN Unsupported activation events: onWalkthrough:javaWelcome, please open an issue: https://github.com/eclipse-theia/theia/issues/new @ http://localhost:3719/bundle.js:192886
[    2801ms] [WARNING] 2026-07-09T00:46:28.715Z plugin-manager WARN Unsupported activation events: onEditSession:file, please open an issue: https://github.com/eclipse-theia/theia/issues/new @ http://localhost:3719/bundle.js:192886
[    2801ms] [WARNING] 2026-07-09T00:46:28.715Z plugin-manager WARN Unsupported activation events: onTerminalShellIntegration:*, please open an issue: https://github.com/eclipse-theia/theia/issues/new @ http://localhost:3719/bundle.js:192886
[    2801ms] [WARNING] 2026-07-09T00:46:28.715Z plugin-manager WARN Unsupported activation events: onTunnel, please open an issue: https://github.com/eclipse-theia/theia/issues/new @ http://localhost:3719/bundle.js:192886
[    3040ms] [INFO] 2026-07-09T00:46:28.955Z root INFO [8bb932e9-4980-4008-9153-57c6d712cd0d] Starting plugins. @ http://localhost:3719/bundle.js:192886
[    3069ms] [INFO] 2026-07-09T00:46:28.983Z root INFO [8bb932e9-4980-4008-9153-57c6d712cd0d] Start of 97 plugins: 989.0 ms [3.059 s since frontend page start] @ http://localhost:3719/bundle.js:192886
[    3384ms] [INFO] 2026-07-09T00:46:29.298Z root INFO Replace loading indicator with ready workbench UI (animation): 813.7 ms [3.374 s since frontend page start] @ http://localhost:3719/bundle.js:192886
[    3385ms] [INFO] 2026-07-09T00:46:29.299Z root INFO Changed application state from 'initialized_layout' to 'ready'. @ http://localhost:3719/bundle.js:192886
[    3385ms] [INFO] 2026-07-09T00:46:29.299Z root INFO All frontend contributions settled: 1938.3 ms [3.374 s since frontend page start] @ http://localhost:3719/bundle.js:192886
[    5464ms] [WARNING] 2026-07-09T00:46:31.379Z core:ApplicationShell WARN Widget was activated, but did not accept focus after 2000ms: getting.started.widget @ http://localhost:3719/bundle.js:192886
[   26214ms] [INFO] sending initial connect on OlkJdurorg3WnNEKAAAD @ http://localhost:3719/bundle.js:72134
[   26216ms] [WARNING] <meta name="apple-mobile-web-app-capable" content="yes"> is deprecated. Please include <meta name="mobile-web-app-capable" content="yes"> @ http://localhost:3719/#/c:/Users/jnlan/pmide-demo/enterprise-sample-app:0
[   26350ms] [INFO] initial connect received on OlkJdurorg3WnNEKAAAD @ http://localhost:3719/bundle.js:72129
[   26370ms] [INFO] %cDownload the React DevTools for a better development experience: https://reactjs.org/link/react-devtools font-weight:bold @ http://localhost:3719/bundle.js:239268
[   26552ms] [INFO] 2026-07-09T00:46:52.467Z root INFO Detected keyboard layout from browser API: US (PC) @ http://localhost:3719/bundle.js:192886
[   26604ms] [INFO] 2026-07-09T00:46:52.518Z SkillService INFO Loaded 1 skills @ http://localhost:3719/bundle.js:192886
[   26612ms] [INFO] 2026-07-09T00:46:52.526Z root INFO Start frontend contributions: 157.1 ms [0.585 s since frontend page start] @ http://localhost:3719/bundle.js:192886
[   26612ms] [INFO] 2026-07-09T00:46:52.527Z root INFO Changed application state from 'init' to 'started_contributions'. @ http://localhost:3719/bundle.js:192886
[   26620ms] [INFO] 2026-07-09T00:46:52.535Z root INFO [14bb2f06-e8ec-4fd0-bed5-989b9f815648] Waiting for backend deployment: 10.8 ms [0.595 s since frontend page start] @ http://localhost:3719/bundle.js:192886
[   26628ms] [INFO] 2026-07-09T00:46:52.543Z root INFO Changed application state from 'started_contributions' to 'attached_shell'. @ http://localhost:3719/bundle.js:192886
[   26629ms] [INFO] 2026-07-09T00:46:52.543Z root INFO >>> Restoring the layout state... @ http://localhost:3719/bundle.js:192886
[   26715ms] [WARNING] 2026-07-09T00:46:52.629Z terminal WARN Failed attaching to terminal id 527680498, the terminal is most likely gone. Starting up a new terminal instead. @ http://localhost:3719/bundle.js:192886
[   26763ms] [INFO] 2026-07-09T00:46:52.677Z root INFO <<< The layout has been successfully restored. @ http://localhost:3719/bundle.js:192886
[   26763ms] [INFO] 2026-07-09T00:46:52.678Z root INFO Initialize the workbench layout: 135.0 ms [0.738 s since frontend page start] @ http://localhost:3719/bundle.js:192886
[   26764ms] [INFO] 2026-07-09T00:46:52.678Z root INFO Changed application state from 'attached_shell' to 'initialized_layout'. @ http://localhost:3719/bundle.js:192886
[   26836ms] [INFO] 2026-07-09T00:46:52.751Z root INFO [14bb2f06-e8ec-4fd0-bed5-989b9f815648] Sync of 97 plugins: 215.7 ms [0.811 s since frontend page start] @ http://localhost:3719/bundle.js:192886
[   26922ms] [WARNING] 2026-07-09T00:46:52.837Z root WARN Linked preference "workbench.colorCustomizations" not found. @ http://localhost:3719/bundle.js:192886
[   26922ms] [WARNING] 2026-07-09T00:46:52.837Z root WARN Linked preference "editor.experimental.preferTreeSitter" not found. @ http://localhost:3719/bundle.js:192886
[   27029ms] [INFO] 2026-07-09T00:46:52.943Z root INFO [14bb2f06-e8ec-4fd0-bed5-989b9f815648] Loading plugin contributions @ http://localhost:3719/bundle.js:192886
[   27029ms] [WARNING] 2026-07-09T00:46:52.944Z root WARN Trying to register default override for non-existent preference: workbench.editor.restoreViewState @ http://localhost:3719/bundle.js:192886
[   27029ms] [WARNING] 2026-07-09T00:46:52.944Z root WARN Trying to register default override for non-existent preference: workbench.editor.restoreViewState @ http://localhost:3719/bundle.js:192886
[   27030ms] [INFO] 2026-07-09T00:46:52.944Z root INFO [14bb2f06-e8ec-4fd0-bed5-989b9f815648] Load contributions of 97 plugins: 69.5 ms [0.997 s since frontend page start] @ http://localhost:3719/bundle.js:192886
[   27030ms] [WARNING] 2026-07-09T00:46:52.945Z root WARN a registered grammar provider for 'source.java' scope is overridden @ http://localhost:3719/bundle.js:192886
[   27076ms] [WARNING] 2026-07-09T00:46:52.991Z root WARN 'cpp' language is remapped from 'source.cpp.embedded.macro' to 'source.cpp' scope @ http://localhost:3719/bundle.js:192886
[   27076ms] [WARNING] 2026-07-09T00:46:52.991Z root WARN a registered grammar configuration for 'cpp' language is overridden @ http://localhost:3719/bundle.js:192886
[   27077ms] [WARNING] 2026-07-09T00:46:52.991Z plugin-ext:PluginContributionHandler WARN [14bb2f06-e8ec-4fd0-bed5-989b9f815648][vscode.html]: Language for 'source.smarty' not found. @ http://localhost:3719/bundle.js:192886
[   27077ms] [WARNING] 2026-07-09T00:46:52.991Z root WARN 'java' language is remapped from 'source.java' to 'source.java' scope @ http://localhost:3719/bundle.js:192886
[   27077ms] [WARNING] 2026-07-09T00:46:52.991Z root WARN a registered grammar configuration for 'java' language is overridden @ http://localhost:3719/bundle.js:192886
[   27077ms] [WARNING] 2026-07-09T00:46:52.992Z plugin-ext:PluginContributionHandler WARN [14bb2f06-e8ec-4fd0-bed5-989b9f815648][vscode.markdown]: Language for 'meta.embedded.block.vs_net' not found. @ http://localhost:3719/bundle.js:192886
[   27077ms] [WARNING] 2026-07-09T00:46:52.992Z plugin-ext:PluginContributionHandler WARN [14bb2f06-e8ec-4fd0-bed5-989b9f815648][vscode.markdown]: Language for 'meta.embedded.block.dosbatch' not found. @ http://localhost:3719/bundle.js:192886
[   27077ms] [WARNING] 2026-07-09T00:46:52.992Z plugin-ext:PluginContributionHandler WARN [14bb2f06-e8ec-4fd0-bed5-989b9f815648][vscode.markdown]: Language for 'meta.embedded.block.coffee' not found. @ http://localhost:3719/bundle.js:192886
[   27077ms] [WARNING] 2026-07-09T00:46:52.992Z plugin-ext:PluginContributionHandler WARN [14bb2f06-e8ec-4fd0-bed5-989b9f815648][vscode.markdown]: Language for 'meta.embedded.block.objc' not found. @ http://localhost:3719/bundle.js:192886
[   27077ms] [WARNING] 2026-07-09T00:46:52.992Z plugin-ext:PluginContributionHandler WARN [14bb2f06-e8ec-4fd0-bed5-989b9f815648][vscode.markdown]: Language for 'meta.embedded.block.perl6' not found. @ http://localhost:3719/bundle.js:192886
[   27077ms] [WARNING] 2026-07-09T00:46:52.992Z plugin-ext:PluginContributionHandler WARN [14bb2f06-e8ec-4fd0-bed5-989b9f815648][vscode.markdown]: Language for 'meta.embedded.block.scala' not found. @ http://localhost:3719/bundle.js:192886
[   27078ms] [WARNING] 2026-07-09T00:46:52.992Z root WARN 'php' language is remapped from 'source.php' to 'text.html.php' scope @ http://localhost:3719/bundle.js:192886
[   27078ms] [WARNING] 2026-07-09T00:46:52.992Z root WARN a registered grammar configuration for 'php' language is overridden @ http://localhost:3719/bundle.js:192886
[   27573ms] [INFO] 2026-07-09T00:46:53.488Z plugin-host INFO PLUGIN_HOST(91340): PluginManagerExtImpl/init() @ http://localhost:3719/bundle.js:192886
[   27590ms] [WARNING] 2026-07-09T00:46:53.505Z root WARN Frontend PmideWorkspaceInit.onDidInitializeLayout took longer than the expected maximum 100 milliseconds: 825.8 ms [1.565 s since frontend page start] @ http://localhost:3719/bundle.js:192886
[   27691ms] [WARNING] 2026-07-09T00:46:53.605Z plugin-manager WARN Unsupported activation events: onProfile, onProfile:github, please open an issue: https://github.com/eclipse-theia/theia/issues/new @ http://localhost:3719/bundle.js:192886
[   27691ms] [WARNING] 2026-07-09T00:46:53.605Z plugin-manager WARN Unsupported activation events: onOpenExternalUri:http, onOpenExternalUri:https, please open an issue: https://github.com/eclipse-theia/theia/issues/new @ http://localhost:3719/bundle.js:192886
[   27691ms] [WARNING] 2026-07-09T00:46:53.605Z plugin-manager WARN Unsupported activation events: onWalkthrough:nodejsWelcome, please open an issue: https://github.com/eclipse-theia/theia/issues/new @ http://localhost:3719/bundle.js:192886
[   27691ms] [WARNING] 2026-07-09T00:46:53.606Z plugin-manager WARN Unsupported activation events: onLanguageModelTool:debug_java_application, please open an issue: https://github.com/eclipse-theia/theia/issues/new @ http://localhost:3719/bundle.js:192886
[   27691ms] [WARNING] 2026-07-09T00:46:53.606Z plugin-manager WARN Unsupported activation events: onWalkthrough:javaWelcome, please open an issue: https://github.com/eclipse-theia/theia/issues/new @ http://localhost:3719/bundle.js:192886
[   27691ms] [WARNING] 2026-07-09T00:46:53.606Z plugin-manager WARN Unsupported activation events: onEditSession:file, please open an issue: https://github.com/eclipse-theia/theia/issues/new @ http://localhost:3719/bundle.js:192886
[   27691ms] [WARNING] 2026-07-09T00:46:53.606Z plugin-manager WARN Unsupported activation events: onTerminalShellIntegration:*, please open an issue: https://github.com/eclipse-theia/theia/issues/new @ http://localhost:3719/bundle.js:192886
[   27691ms] [WARNING] 2026-07-09T00:46:53.606Z plugin-manager WARN Unsupported activation events: onTunnel, please open an issue: https://github.com/eclipse-theia/theia/issues/new @ http://localhost:3719/bundle.js:192886
[   27814ms] [WARNING] 2026-07-09T00:46:53.729Z root WARN Linked preference "debug.node.autoAttach" not found. @ http://localhost:3719/bundle.js:192886
[   27942ms] [INFO] 2026-07-09T00:46:53.857Z root INFO [14bb2f06-e8ec-4fd0-bed5-989b9f815648] Starting plugins. @ http://localhost:3719/bundle.js:192886
[   28093ms] [INFO] 2026-07-09T00:46:54.007Z root INFO [14bb2f06-e8ec-4fd0-bed5-989b9f815648] Start of 97 plugins: 1045.6 ms [2.068 s since frontend page start] @ http://localhost:3719/bundle.js:192886
[   28393ms] [INFO] 2026-07-09T00:46:54.308Z root INFO Replace loading indicator with ready workbench UI (animation): 803.0 ms [2.368 s since frontend page start] @ http://localhost:3719/bundle.js:192886
[   28399ms] [INFO] 2026-07-09T00:46:54.314Z root INFO Changed application state from 'initialized_layout' to 'ready'. @ http://localhost:3719/bundle.js:192886
[   28399ms] [INFO] 2026-07-09T00:46:54.314Z root INFO All frontend contributions settled: 1940.6 ms [2.369 s since frontend page start] @ http://localhost:3719/bundle.js:192886
[   60068ms] [ERROR] Failed to load resource: net::ERR_CONNECTION_REFUSED @ http://localhost:3719/socket.io/?EIO=4&transport=polling&t=seq6ast6:0
[   64787ms] [ERROR] Failed to load resource: net::ERR_CONNECTION_REFUSED @ http://localhost:3719/socket.io/?EIO=4&transport=polling&t=settbv0m:0
[   70729ms] [ERROR] Failed to load resource: net::ERR_CONNECTION_REFUSED @ http://localhost:3719/socket.io/?EIO=4&transport=polling&t=seye931s:0
[   79122ms] [ERROR] Failed to load resource: net::ERR_CONNECTION_REFUSED @ http://localhost:3719/socket.io/?EIO=4&transport=polling&t=sf4vocw5:0
[   91467ms] [ERROR] Failed to load resource: net::ERR_CONNECTION_REFUSED @ http://localhost:3719/socket.io/?EIO=4&transport=polling&t=sfeeco23:0
[  103799ms] [ERROR] Failed to load resource: net::ERR_CONNECTION_REFUSED @ http://localhost:3719/socket.io/?EIO=4&transport=polling&t=sfnx8zaj:0
[  116127ms] [ERROR] Failed to load resource: net::ERR_CONNECTION_REFUSED @ http://localhost:3719/socket.io/?EIO=4&transport=polling&t=sfxfpox8:0
[  128477ms] [ERROR] Failed to load resource: net::ERR_CONNECTION_REFUSED @ http://localhost:3719/socket.io/?EIO=4&transport=polling&t=sg6y55ir:0
[  140827ms] [ERROR] Failed to load resource: net::ERR_CONNECTION_REFUSED @ http://localhost:3719/socket.io/?EIO=4&transport=polling&t=sgghhhhz:0
[  153169ms] [ERROR] Failed to load resource: net::ERR_CONNECTION_REFUSED @ http://localhost:3719/socket.io/?EIO=4&transport=polling&t=sgq0akma:0
[  165495ms] [ERROR] Failed to load resource: net::ERR_CONNECTION_REFUSED @ http://localhost:3719/socket.io/?EIO=4&transport=polling&t=sgzj2m5g:0
[  177840ms] [ERROR] Failed to load resource: net::ERR_CONNECTION_REFUSED @ http://localhost:3719/socket.io/?EIO=4&transport=polling&t=sh91jpmn:0
[  190191ms] [ERROR] Failed to load resource: net::ERR_CONNECTION_REFUSED @ http://localhost:3719/socket.io/?EIO=4&transport=polling&t=shiko5rf:0
[  202537ms] [ERROR] Failed to load resource: net::ERR_CONNECTION_REFUSED @ http://localhost:3719/socket.io/?EIO=4&transport=polling&t=shs3s70g:0
[  214872ms] [ERROR] Failed to load resource: net::ERR_CONNECTION_REFUSED @ http://localhost:3719/socket.io/?EIO=4&transport=polling&t=si1ml4xn:0
[  227202ms] [ERROR] Failed to load resource: net::ERR_CONNECTION_REFUSED @ http://localhost:3719/socket.io/?EIO=4&transport=polling&t=sib56iqo:0
[  239545ms] [ERROR] Failed to load resource: net::ERR_CONNECTION_REFUSED @ http://localhost:3719/socket.io/?EIO=4&transport=polling&t=siknwuly:0
[  251879ms] [ERROR] Failed to load resource: net::ERR_CONNECTION_REFUSED @ http://localhost:3719/socket.io/?EIO=4&transport=polling&t=siu6ijcg:0
[  264237ms] [ERROR] Failed to load resource: net::ERR_CONNECTION_REFUSED @ http://localhost:3719/socket.io/?EIO=4&transport=polling&t=sj3p54oo:0
[  276574ms] [ERROR] Failed to load resource: net::ERR_CONNECTION_REFUSED @ http://localhost:3719/socket.io/?EIO=4&transport=polling&t=sjd8l3gk:0
[  287128ms] [INFO] 2026-07-09T00:51:13.042Z root INFO Changed application state from 'ready' to 'closing_window'. @ http://localhost:3719/bundle.js:192886
[  287128ms] [INFO] 2026-07-09T00:51:13.042Z root INFO >>> Storing the layout... @ http://localhost:3719/bundle.js:192886
