[    1716ms] [WARNING] <meta name="apple-mobile-web-app-capable" content="yes"> is deprecated. Please include <meta name="mobile-web-app-capable" content="yes"> @ http://localhost:3771/#/s%3A/Vibe%20Coding%20Folder/PMIDE:0
[    1721ms] [INFO] sending initial connect on O2HGcidaxKqOQdGMAAAB @ http://localhost:3771/bundle.js:72134
[    1729ms] [INFO] initial connect received on O2HGcidaxKqOQdGMAAAB @ http://localhost:3771/bundle.js:72129
[    1788ms] [INFO] %cDownload the React DevTools for a better development experience: https://reactjs.org/link/react-devtools font-weight:bold @ http://localhost:3771/bundle.js:239268
[    2158ms] [INFO] 2026-07-10T12:22:10.374Z root INFO Detected keyboard layout from browser API: US (PC) @ http://localhost:3771/bundle.js:192886
[    2216ms] [INFO] 2026-07-10T12:22:10.432Z SkillService INFO Loaded 1 skills @ http://localhost:3771/bundle.js:192886
[    2226ms] [INFO] 2026-07-10T12:22:10.442Z root INFO Start frontend contributions: 190.6 ms [2.218 s since frontend page start] @ http://localhost:3771/bundle.js:192886
[    2226ms] [INFO] 2026-07-10T12:22:10.442Z root INFO Changed application state from 'init' to 'started_contributions'. @ http://localhost:3771/bundle.js:192886
[    2231ms] [INFO] 2026-07-10T12:22:10.448Z root INFO Changed application state from 'started_contributions' to 'attached_shell'. @ http://localhost:3771/bundle.js:192886
[    2231ms] [INFO] 2026-07-10T12:22:10.448Z root INFO >>> Restoring the layout state... @ http://localhost:3771/bundle.js:192886
[    2232ms] [INFO] 2026-07-10T12:22:10.449Z root INFO <<< Nothing to restore. @ http://localhost:3771/bundle.js:192886
[    2252ms] [INFO] 2026-07-10T12:22:10.468Z root INFO [48d6042f-22b8-4780-846e-b49116b29f5e] Waiting for backend deployment: 30.2 ms [2.248 s since frontend page start] @ http://localhost:3771/bundle.js:192886
[    2404ms] [INFO] 2026-07-10T12:22:10.620Z root INFO [48d6042f-22b8-4780-846e-b49116b29f5e] Sync of 97 plugins: 151.9 ms [2.400 s since frontend page start] @ http://localhost:3771/bundle.js:192886
[    2529ms] [WARNING] 2026-07-10T12:22:10.745Z root WARN Linked preference "workbench.colorCustomizations" not found. @ http://localhost:3771/bundle.js:192886
[    2530ms] [WARNING] 2026-07-10T12:22:10.746Z root WARN Linked preference "editor.experimental.preferTreeSitter" not found. @ http://localhost:3771/bundle.js:192886
[    2605ms] [INFO] 2026-07-10T12:22:10.821Z root INFO [48d6042f-22b8-4780-846e-b49116b29f5e] Loading plugin contributions @ http://localhost:3771/bundle.js:192886
[    2605ms] [WARNING] 2026-07-10T12:22:10.822Z root WARN Trying to register default override for non-existent preference: workbench.editor.restoreViewState @ http://localhost:3771/bundle.js:192886
[    2605ms] [WARNING] 2026-07-10T12:22:10.822Z root WARN Trying to register default override for non-existent preference: workbench.editor.restoreViewState @ http://localhost:3771/bundle.js:192886
[    2605ms] [INFO] 2026-07-10T12:22:10.822Z root INFO [48d6042f-22b8-4780-846e-b49116b29f5e] Load contributions of 97 plugins: 66.9 ms [2.595 s since frontend page start] @ http://localhost:3771/bundle.js:192886
[    2606ms] [WARNING] 2026-07-10T12:22:10.823Z root WARN a registered grammar provider for 'source.java' scope is overridden @ http://localhost:3771/bundle.js:192886
[    2677ms] [WARNING] 2026-07-10T12:22:10.893Z root WARN 'cpp' language is remapped from 'source.cpp.embedded.macro' to 'source.cpp' scope @ http://localhost:3771/bundle.js:192886
[    2677ms] [WARNING] 2026-07-10T12:22:10.893Z root WARN a registered grammar configuration for 'cpp' language is overridden @ http://localhost:3771/bundle.js:192886
[    2677ms] [WARNING] 2026-07-10T12:22:10.894Z plugin-ext:PluginContributionHandler WARN [48d6042f-22b8-4780-846e-b49116b29f5e][vscode.html]: Language for 'source.smarty' not found. @ http://localhost:3771/bundle.js:192886
[    2677ms] [WARNING] 2026-07-10T12:22:10.894Z root WARN 'java' language is remapped from 'source.java' to 'source.java' scope @ http://localhost:3771/bundle.js:192886
[    2677ms] [WARNING] 2026-07-10T12:22:10.894Z root WARN a registered grammar configuration for 'java' language is overridden @ http://localhost:3771/bundle.js:192886
[    2678ms] [WARNING] 2026-07-10T12:22:10.894Z plugin-ext:PluginContributionHandler WARN [48d6042f-22b8-4780-846e-b49116b29f5e][vscode.markdown]: Language for 'meta.embedded.block.vs_net' not found. @ http://localhost:3771/bundle.js:192886
[    2678ms] [WARNING] 2026-07-10T12:22:10.894Z plugin-ext:PluginContributionHandler WARN [48d6042f-22b8-4780-846e-b49116b29f5e][vscode.markdown]: Language for 'meta.embedded.block.dosbatch' not found. @ http://localhost:3771/bundle.js:192886
[    2678ms] [WARNING] 2026-07-10T12:22:10.894Z plugin-ext:PluginContributionHandler WARN [48d6042f-22b8-4780-846e-b49116b29f5e][vscode.markdown]: Language for 'meta.embedded.block.coffee' not found. @ http://localhost:3771/bundle.js:192886
[    2678ms] [WARNING] 2026-07-10T12:22:10.894Z plugin-ext:PluginContributionHandler WARN [48d6042f-22b8-4780-846e-b49116b29f5e][vscode.markdown]: Language for 'meta.embedded.block.objc' not found. @ http://localhost:3771/bundle.js:192886
[    2678ms] [WARNING] 2026-07-10T12:22:10.894Z plugin-ext:PluginContributionHandler WARN [48d6042f-22b8-4780-846e-b49116b29f5e][vscode.markdown]: Language for 'meta.embedded.block.perl6' not found. @ http://localhost:3771/bundle.js:192886
[    2678ms] [WARNING] 2026-07-10T12:22:10.894Z plugin-ext:PluginContributionHandler WARN [48d6042f-22b8-4780-846e-b49116b29f5e][vscode.markdown]: Language for 'meta.embedded.block.scala' not found. @ http://localhost:3771/bundle.js:192886
[    2678ms] [WARNING] 2026-07-10T12:22:10.895Z root WARN 'php' language is remapped from 'source.php' to 'text.html.php' scope @ http://localhost:3771/bundle.js:192886
[    2678ms] [WARNING] 2026-07-10T12:22:10.895Z root WARN a registered grammar configuration for 'php' language is overridden @ http://localhost:3771/bundle.js:192886
[    2983ms] [WARNING] 2026-07-10T12:22:11.199Z root WARN Frontend TerminalFrontendContribution.initializeLayout took longer than the expected maximum 100 milliseconds: 730.8 ms [2.977 s since frontend page start] @ http://localhost:3771/bundle.js:192886
[    3007ms] [INFO] 2026-07-10T12:22:11.223Z root INFO Initialize the workbench layout: 773.9 ms [3.001 s since frontend page start] @ http://localhost:3771/bundle.js:192886
[    3007ms] [INFO] 2026-07-10T12:22:11.224Z root INFO Changed application state from 'attached_shell' to 'initialized_layout'. @ http://localhost:3771/bundle.js:192886
[    3203ms] [INFO] 2026-07-10T12:22:11.419Z plugin-host INFO PLUGIN_HOST(43400): PluginManagerExtImpl/init() @ http://localhost:3771/bundle.js:192886
[    3241ms] [WARNING] 2026-07-10T12:22:11.458Z plugin-manager WARN Unsupported activation events: onProfile, onProfile:github, please open an issue: https://github.com/eclipse-theia/theia/issues/new @ http://localhost:3771/bundle.js:192886
[    3241ms] [WARNING] 2026-07-10T12:22:11.458Z plugin-manager WARN Unsupported activation events: onOpenExternalUri:http, onOpenExternalUri:https, please open an issue: https://github.com/eclipse-theia/theia/issues/new @ http://localhost:3771/bundle.js:192886
[    3241ms] [WARNING] 2026-07-10T12:22:11.458Z plugin-manager WARN Unsupported activation events: onWalkthrough:nodejsWelcome, please open an issue: https://github.com/eclipse-theia/theia/issues/new @ http://localhost:3771/bundle.js:192886
[    3241ms] [WARNING] 2026-07-10T12:22:11.458Z plugin-manager WARN Unsupported activation events: onLanguageModelTool:debug_java_application, please open an issue: https://github.com/eclipse-theia/theia/issues/new @ http://localhost:3771/bundle.js:192886
[    3241ms] [WARNING] 2026-07-10T12:22:11.458Z plugin-manager WARN Unsupported activation events: onWalkthrough:javaWelcome, please open an issue: https://github.com/eclipse-theia/theia/issues/new @ http://localhost:3771/bundle.js:192886
[    3241ms] [WARNING] 2026-07-10T12:22:11.458Z plugin-manager WARN Unsupported activation events: onEditSession:file, please open an issue: https://github.com/eclipse-theia/theia/issues/new @ http://localhost:3771/bundle.js:192886
[    3241ms] [WARNING] 2026-07-10T12:22:11.458Z plugin-manager WARN Unsupported activation events: onTerminalShellIntegration:*, please open an issue: https://github.com/eclipse-theia/theia/issues/new @ http://localhost:3771/bundle.js:192886
[    3241ms] [WARNING] 2026-07-10T12:22:11.458Z plugin-manager WARN Unsupported activation events: onTunnel, please open an issue: https://github.com/eclipse-theia/theia/issues/new @ http://localhost:3771/bundle.js:192886
[    3447ms] [WARNING] 2026-07-10T12:22:11.663Z root WARN Linked preference "debug.node.autoAttach" not found. @ http://localhost:3771/bundle.js:192886
[    3479ms] [INFO] 2026-07-10T12:22:11.696Z root INFO [48d6042f-22b8-4780-846e-b49116b29f5e] Starting plugins. @ http://localhost:3771/bundle.js:192886
[    3511ms] [INFO] 2026-07-10T12:22:11.728Z root INFO [48d6042f-22b8-4780-846e-b49116b29f5e] Start of 97 plugins: 852.7 ms [3.507 s since frontend page start] @ http://localhost:3771/bundle.js:192886
[    4136ms] [WARNING] 2026-07-10T12:22:12.352Z root WARN Frontend PmideWorkspaceInit.onDidInitializeLayout took longer than the expected maximum 100 milliseconds: 1124.1 ms [4.131 s since frontend page start] @ http://localhost:3771/bundle.js:192886
[    4318ms] [INFO] sending initial connect on g5-9V3Pnjb_wMatyAAAD @ http://localhost:3771/bundle.js:72134
[    4320ms] [WARNING] <meta name="apple-mobile-web-app-capable" content="yes"> is deprecated. Please include <meta name="mobile-web-app-capable" content="yes"> @ http://localhost:3771/#/c:/Users/jnlan/pmide-demo/enterprise-sample-app:0
[    4322ms] [INFO] initial connect received on g5-9V3Pnjb_wMatyAAAD @ http://localhost:3771/bundle.js:72129
[    4341ms] [INFO] %cDownload the React DevTools for a better development experience: https://reactjs.org/link/react-devtools font-weight:bold @ http://localhost:3771/bundle.js:239268
[    4526ms] [INFO] 2026-07-10T12:22:12.742Z root INFO Detected keyboard layout from browser API: US (PC) @ http://localhost:3771/bundle.js:192886
[    4623ms] [INFO] 2026-07-10T12:22:12.839Z SkillService INFO Loaded 1 skills @ http://localhost:3771/bundle.js:192886
[    4631ms] [INFO] 2026-07-10T12:22:12.847Z root INFO Start frontend contributions: 206.8 ms [0.488 s since frontend page start] @ http://localhost:3771/bundle.js:192886
[    4631ms] [INFO] 2026-07-10T12:22:12.848Z root INFO Changed application state from 'init' to 'started_contributions'. @ http://localhost:3771/bundle.js:192886
[    4659ms] [INFO] 2026-07-10T12:22:12.876Z root INFO Changed application state from 'started_contributions' to 'attached_shell'. @ http://localhost:3771/bundle.js:192886
[    4659ms] [INFO] 2026-07-10T12:22:12.876Z root INFO >>> Restoring the layout state... @ http://localhost:3771/bundle.js:192886
[    4660ms] [INFO] 2026-07-10T12:22:12.877Z root INFO <<< Nothing to restore. @ http://localhost:3771/bundle.js:192886
[    4707ms] [INFO] 2026-07-10T12:22:12.923Z root INFO [87eed438-f07f-43ed-b8e9-0011963b8e0b] Waiting for backend deployment: 78.1 ms [0.566 s since frontend page start] @ http://localhost:3771/bundle.js:192886
[    4806ms] [INFO] 2026-07-10T12:22:13.022Z root INFO [87eed438-f07f-43ed-b8e9-0011963b8e0b] Sync of 97 plugins: 98.6 ms [0.665 s since frontend page start] @ http://localhost:3771/bundle.js:192886
[    4907ms] [WARNING] 2026-07-10T12:22:13.123Z root WARN Linked preference "workbench.colorCustomizations" not found. @ http://localhost:3771/bundle.js:192886
[    4908ms] [WARNING] 2026-07-10T12:22:13.124Z root WARN Linked preference "editor.experimental.preferTreeSitter" not found. @ http://localhost:3771/bundle.js:192886
[    4978ms] [INFO] 2026-07-10T12:22:13.194Z root INFO [87eed438-f07f-43ed-b8e9-0011963b8e0b] Loading plugin contributions @ http://localhost:3771/bundle.js:192886
[    4978ms] [WARNING] 2026-07-10T12:22:13.194Z root WARN Trying to register default override for non-existent preference: workbench.editor.restoreViewState @ http://localhost:3771/bundle.js:192886
[    4978ms] [WARNING] 2026-07-10T12:22:13.194Z root WARN Trying to register default override for non-existent preference: workbench.editor.restoreViewState @ http://localhost:3771/bundle.js:192886
[    4978ms] [INFO] 2026-07-10T12:22:13.195Z root INFO [87eed438-f07f-43ed-b8e9-0011963b8e0b] Load contributions of 97 plugins: 64.0 ms [0.833 s since frontend page start] @ http://localhost:3771/bundle.js:192886
[    4979ms] [WARNING] 2026-07-10T12:22:13.195Z root WARN a registered grammar provider for 'source.java' scope is overridden @ http://localhost:3771/bundle.js:192886
[    5013ms] [WARNING] 2026-07-10T12:22:13.229Z root WARN 'cpp' language is remapped from 'source.cpp.embedded.macro' to 'source.cpp' scope @ http://localhost:3771/bundle.js:192886
[    5013ms] [WARNING] 2026-07-10T12:22:13.229Z root WARN a registered grammar configuration for 'cpp' language is overridden @ http://localhost:3771/bundle.js:192886
[    5013ms] [WARNING] 2026-07-10T12:22:13.230Z plugin-ext:PluginContributionHandler WARN [87eed438-f07f-43ed-b8e9-0011963b8e0b][vscode.html]: Language for 'source.smarty' not found. @ http://localhost:3771/bundle.js:192886
[    5013ms] [WARNING] 2026-07-10T12:22:13.230Z root WARN 'java' language is remapped from 'source.java' to 'source.java' scope @ http://localhost:3771/bundle.js:192886
[    5013ms] [WARNING] 2026-07-10T12:22:13.230Z root WARN a registered grammar configuration for 'java' language is overridden @ http://localhost:3771/bundle.js:192886
[    5013ms] [WARNING] 2026-07-10T12:22:13.230Z plugin-ext:PluginContributionHandler WARN [87eed438-f07f-43ed-b8e9-0011963b8e0b][vscode.markdown]: Language for 'meta.embedded.block.vs_net' not found. @ http://localhost:3771/bundle.js:192886
[    5013ms] [WARNING] 2026-07-10T12:22:13.230Z plugin-ext:PluginContributionHandler WARN [87eed438-f07f-43ed-b8e9-0011963b8e0b][vscode.markdown]: Language for 'meta.embedded.block.dosbatch' not found. @ http://localhost:3771/bundle.js:192886
[    5013ms] [WARNING] 2026-07-10T12:22:13.230Z plugin-ext:PluginContributionHandler WARN [87eed438-f07f-43ed-b8e9-0011963b8e0b][vscode.markdown]: Language for 'meta.embedded.block.coffee' not found. @ http://localhost:3771/bundle.js:192886
[    5013ms] [WARNING] 2026-07-10T12:22:13.230Z plugin-ext:PluginContributionHandler WARN [87eed438-f07f-43ed-b8e9-0011963b8e0b][vscode.markdown]: Language for 'meta.embedded.block.objc' not found. @ http://localhost:3771/bundle.js:192886
[    5014ms] [WARNING] 2026-07-10T12:22:13.230Z plugin-ext:PluginContributionHandler WARN [87eed438-f07f-43ed-b8e9-0011963b8e0b][vscode.markdown]: Language for 'meta.embedded.block.perl6' not found. @ http://localhost:3771/bundle.js:192886
[    5014ms] [WARNING] 2026-07-10T12:22:13.230Z plugin-ext:PluginContributionHandler WARN [87eed438-f07f-43ed-b8e9-0011963b8e0b][vscode.markdown]: Language for 'meta.embedded.block.scala' not found. @ http://localhost:3771/bundle.js:192886
[    5014ms] [WARNING] 2026-07-10T12:22:13.230Z root WARN 'php' language is remapped from 'source.php' to 'text.html.php' scope @ http://localhost:3771/bundle.js:192886
[    5014ms] [WARNING] 2026-07-10T12:22:13.230Z root WARN a registered grammar configuration for 'php' language is overridden @ http://localhost:3771/bundle.js:192886
[    5462ms] [WARNING] 2026-07-10T12:22:13.678Z root WARN Linked preference "debug.node.autoAttach" not found. @ http://localhost:3771/bundle.js:192886
[    5481ms] [WARNING] 2026-07-10T12:22:13.698Z root WARN Frontend TerminalFrontendContribution.initializeLayout took longer than the expected maximum 100 milliseconds: 809.9 ms [1.340 s since frontend page start] @ http://localhost:3771/bundle.js:192886
[    5501ms] [INFO] 2026-07-10T12:22:13.717Z root INFO Initialize the workbench layout: 840.0 ms [1.359 s since frontend page start] @ http://localhost:3771/bundle.js:192886
[    5501ms] [INFO] 2026-07-10T12:22:13.718Z root INFO Changed application state from 'attached_shell' to 'initialized_layout'. @ http://localhost:3771/bundle.js:192886
[    5709ms] [INFO] 2026-07-10T12:22:13.925Z plugin-host INFO PLUGIN_HOST(22056): PluginManagerExtImpl/init() @ http://localhost:3771/bundle.js:192886
[    5745ms] [WARNING] 2026-07-10T12:22:13.962Z root WARN Frontend PmideWorkspaceInit.onDidInitializeLayout took longer than the expected maximum 100 milliseconds: 239.8 ms [1.605 s since frontend page start] @ http://localhost:3771/bundle.js:192886
[    5846ms] [WARNING] 2026-07-10T12:22:14.063Z plugin-manager WARN Unsupported activation events: onProfile, onProfile:github, please open an issue: https://github.com/eclipse-theia/theia/issues/new @ http://localhost:3771/bundle.js:192886
[    5846ms] [WARNING] 2026-07-10T12:22:14.063Z plugin-manager WARN Unsupported activation events: onOpenExternalUri:http, onOpenExternalUri:https, please open an issue: https://github.com/eclipse-theia/theia/issues/new @ http://localhost:3771/bundle.js:192886
[    5846ms] [WARNING] 2026-07-10T12:22:14.063Z plugin-manager WARN Unsupported activation events: onWalkthrough:nodejsWelcome, please open an issue: https://github.com/eclipse-theia/theia/issues/new @ http://localhost:3771/bundle.js:192886
[    5846ms] [WARNING] 2026-07-10T12:22:14.063Z plugin-manager WARN Unsupported activation events: onLanguageModelTool:debug_java_application, please open an issue: https://github.com/eclipse-theia/theia/issues/new @ http://localhost:3771/bundle.js:192886
[    5846ms] [WARNING] 2026-07-10T12:22:14.063Z plugin-manager WARN Unsupported activation events: onWalkthrough:javaWelcome, please open an issue: https://github.com/eclipse-theia/theia/issues/new @ http://localhost:3771/bundle.js:192886
[    5846ms] [WARNING] 2026-07-10T12:22:14.063Z plugin-manager WARN Unsupported activation events: onEditSession:file, please open an issue: https://github.com/eclipse-theia/theia/issues/new @ http://localhost:3771/bundle.js:192886
[    5846ms] [WARNING] 2026-07-10T12:22:14.063Z plugin-manager WARN Unsupported activation events: onTerminalShellIntegration:*, please open an issue: https://github.com/eclipse-theia/theia/issues/new @ http://localhost:3771/bundle.js:192886
[    5846ms] [WARNING] 2026-07-10T12:22:14.063Z plugin-manager WARN Unsupported activation events: onTunnel, please open an issue: https://github.com/eclipse-theia/theia/issues/new @ http://localhost:3771/bundle.js:192886
[    6101ms] [INFO] 2026-07-10T12:22:14.317Z root INFO [87eed438-f07f-43ed-b8e9-0011963b8e0b] Starting plugins. @ http://localhost:3771/bundle.js:192886
[    6174ms] [INFO] 2026-07-10T12:22:14.391Z root INFO [87eed438-f07f-43ed-b8e9-0011963b8e0b] Start of 97 plugins: 1178.5 ms [2.034 s since frontend page start] @ http://localhost:3771/bundle.js:192886
[    6556ms] [INFO] 2026-07-10T12:22:14.772Z root INFO Replace loading indicator with ready workbench UI (animation): 809.9 ms [2.415 s since frontend page start] @ http://localhost:3771/bundle.js:192886
[    6557ms] [INFO] 2026-07-10T12:22:14.774Z root INFO Changed application state from 'initialized_layout' to 'ready'. @ http://localhost:3771/bundle.js:192886
[    6557ms] [INFO] 2026-07-10T12:22:14.774Z root INFO All frontend contributions settled: 2133.2 ms [2.415 s since frontend page start] @ http://localhost:3771/bundle.js:192886
[    8567ms] [WARNING] 2026-07-10T12:22:16.783Z core:ApplicationShell WARN Widget was activated, but did not accept focus after 2000ms: getting.started.widget @ http://localhost:3771/bundle.js:192886
